Located 58 resources
2715,4571,0,18,130146,269,offline/x1/small/Small2715.png
2716,4578,0,18,130415,228,offline/x1/small/Small2716.png
2717,4583,0,18,130643,251,offline/x1/small/Small2717.png
2718,4588,0,19,0,233,offline/x1/small/Small2718.png
2719,4592,0,19,233,224,offline/x1/small/Small2719.png
2720,4615,0,19,457,212,offline/x1/small/Small2720.png
2721,4619,0,19,669,243,offline/x1/small/Small2721.png
2722,4623,0,19,912,276,offline/x1/small/Small2722.png
2723,4627,0,19,1188,284,offline/x1/small/Small2723.png
2724,4632,0,19,1472,256,offline/x1/small/Small2724.png
2725,4638,0,19,1728,273,offline/x1/small/Small2725.png
2726,4644,0,19,2001,222,offline/x1/small/Small2726.png
2727,4649,0,19,2223,253,offline/x1/small/Small2727.png
2728,4653,0,19,2476,291,offline/x1/small/Small2728.png
2729,4658,0,19,2767,275,offline/x1/small/Small2729.png
2730,4683,0,19,3042,265,offline/x1/small/Small2730.png
2731,4687,0,19,3307,287,offline/x1/small/Small2731.png
2732,4691,0,19,3594,216,offline/x1/small/Small2732.png
2733,4695,0,19,3810,219,offline/x1/small/Small2733.png
2734,4700,0,19,4029,248,offline/x1/small/Small2734.png
2735,4706,0,19,4277,224,offline/x1/small/Small2735.png
2736,4712,0,19,4501,242,offline/x1/small/Small2736.png
2737,4716,0,19,4743,238,offline/x1/small/Small2737.png
2738,4720,0,19,4981,231,offline/x1/small/Small2738.png
2739,4724,0,19,5212,239,offline/x1/small/Small2739.png
2740,4745,0,19,5451,251,offline/x1/small/Small2740.png
2741,4748,0,19,5702,445,offline/x1/small/Small2741.png
2742,4751,0,19,6147,429,offline/x1/small/Small2742.png
2743,4754,0,19,6576,300,offline/x1/small/Small2743.png
2744,4758,0,19,6876,230,offline/x1/small/Small2744.png
2745,4763,0,19,7106,256,offline/x1/small/Small2745.png
2746,4768,0,19,7362,219,offline/x1/small/Small2746.png
2747,4772,0,19,7581,231,offline/x1/small/Small2747.png
2748,4776,0,19,7812,227,offline/x1/small/Small2748.png
2749,4780,0,19,8039,223,offline/x1/small/Small2749.png
2750,4801,0,19,8262,284,offline/x1/small/Small2750.png
2751,4804,0,19,8546,267,offline/x1/small/Small2751.png
2752,4807,0,19,8813,251,offline/x1/small/Small2752.png
2753,4810,0,19,9064,279,offline/x1/small/Small2753.png
2754,4816,0,19,9343,228,offline/x1/small/Small2754.png
2755,4820,0,19,9571,253,offline/x1/small/Small2755.png
2756,4824,0,19,9824,306,offline/x1/small/Small2756.png
2757,4827,0,19,10130,291,offline/x1/small/Small2757.png
2758,4830,0,19,10421,231,offline/x1/small/Small2758.png
2759,4833,0,19,10652,274,offline/x1/small/Small2759.png
2760,4859,0,19,10926,217,offline/x1/small/Small2760.png
2761,4861,0,19,11143,248,offline/x1/small/Small2761.png
2762,4863,0,19,11391,258,offline/x1/small/Small2762.png
2763,4865,0,19,11649,228,offline/x1/small/Small2763.png
2764,4868,0,19,11877,226,offline/x1/small/Small2764.png
2765,4871,0,19,12103,234,offline/x1/small/Small2765.png
2766,4874,0,19,12337,226,offline/x1/small/Small2766.png
2767,4876,0,19,12563,229,offline/x1/small/Small2767.png
2768,4878,0,19,12792,243,offline/x1/small/Small2768.png
2769,4880,0,19,13035,399,offline/x1/small/Small2769.png
2770,4899,0,19,13434,379,offline/x1/small/Small2770.png
3421,3413,0,20,93723,272,offline/x1/small/Small3421.png
3422,3414,0,20,93995,177,offline/x1/small/Small3422.png
patched s18.pak 130894->130997
patched s19.pak 130857->133342
patched s20.pak 130453->136970
patched 58 resources in 3 packs
VALIDATION_OK 58/58
JAR_OK size=5250742
